............................................................x....xx..... [  7%]
........................................................................ [ 14%]
..............................................................s......... [ 21%]
........................................................................ [ 28%]
........................................................................ [ 36%]
...............................s.....s.................................. [ 43%]
........................................................................ [ 50%]
........................................................................ [ 57%]
........................................................................ [ 65%]
.....................xx................................................. [ 72%]
........................................................................ [ 79%]
........................................................................ [ 86%]
........................................................................ [ 94%]
...........................................................              [100%]
=============================== warnings summary ===============================
.venv/lib/python3.14/site-packages/slowapi/extension.py:720
.venv/lib/python3.14/site-packages/slowapi/extension.py:720
.venv/lib/python3.14/site-packages/slowapi/extension.py:720
  /home/thiago/Documents/projects/ritesmith/.venv/lib/python3.14/site-packages/slowapi/extension.py:720: DeprecationWarning: 'asyncio.iscoroutinefunction' is deprecated and slated for removal in Python 3.16; use inspect.iscoroutinefunction() instead
    if asyncio.iscoroutinefunction(func):

-- Docs: https://docs.pytest.org/en/stable/how-to/capture-warnings.html
987 passed, 3 skipped, 14 deselected, 5 xfailed, 3 warnings in 12.76s
