............................................................x....xx..... [  7%]
........................................................................ [ 15%]
..............................................................s......... [ 23%]
........................................................................ [ 31%]
........................................................................ [ 39%]
...............................s.....s.................................. [ 46%]
........................................................................ [ 54%]
........................................................................ [ 62%]
........................................................................ [ 70%]
.........xx............................................................. [ 78%]
........................................................................ [ 86%]
........................................................................ [ 93%]
........................................................                 [100%]
=============================== warnings summary ===============================
.venv/lib/python3.14/site-packages/slowapi/extension.py:720
.venv/lib/python3.14/site-packages/slowapi/extension.py:720
.venv/lib/python3.14/site-packages/slowapi/extension.py:720
  /home/thiago/Documents/projects/ritesmith/.venv/lib/python3.14/site-packages/slowapi/extension.py:720: DeprecationWarning: 'asyncio.iscoroutinefunction' is deprecated and slated for removal in Python 3.16; use inspect.iscoroutinefunction() instead
    if asyncio.iscoroutinefunction(func):

-- Docs: https://docs.pytest.org/en/stable/how-to/capture-warnings.html
912 passed, 3 skipped, 14 deselected, 5 xfailed, 3 warnings in 16.57s
