............................................................x....xx..... [  8%]
........................................................................ [ 16%]
..............................................................s......... [ 25%]
........................................................................ [ 33%]
........................................................................ [ 41%]
...s.....s.............................................................. [ 50%]
........................................................................ [ 58%]
........................................................................ [ 66%]
.............................xx......................................... [ 75%]
........................................................................ [ 83%]
........................................................................ [ 91%]
.......................................................................  [100%]
=============================== warnings summary ===============================
.venv/lib/python3.14/site-packages/slowapi/extension.py:720
.venv/lib/python3.14/site-packages/slowapi/extension.py:720
.venv/lib/python3.14/site-packages/slowapi/extension.py:720
  /home/thiago/Documents/projects/ritesmith/.venv/lib/python3.14/site-packages/slowapi/extension.py:720: DeprecationWarning: 'asyncio.iscoroutinefunction' is deprecated and slated for removal in Python 3.16; use inspect.iscoroutinefunction() instead
    if asyncio.iscoroutinefunction(func):

-- Docs: https://docs.pytest.org/en/stable/how-to/capture-warnings.html
855 passed, 3 skipped, 14 deselected, 5 xfailed, 3 warnings in 335.72s (0:05:35)
