............................................................x....xx..... [  7%]
........................................................................ [ 15%]
..............................................................s......... [ 22%]
........................................................................ [ 30%]
........................................................................ [ 37%]
...............................s.....s.................................. [ 45%]
........................................................................ [ 52%]
........................................................................ [ 60%]
........................................................................ [ 67%]
.....................xx................................................. [ 75%]
........................................................................ [ 82%]
........................................................................ [ 90%]
........................................................................ [ 97%]
......................                                                   [100%]
=============================== warnings summary ===============================
.venv/lib/python3.14/site-packages/slowapi/extension.py:720
.venv/lib/python3.14/site-packages/slowapi/extension.py:720
.venv/lib/python3.14/site-packages/slowapi/extension.py:720
  /home/thiago/Documents/projects/ritesmith/.venv/lib/python3.14/site-packages/slowapi/extension.py:720: DeprecationWarning: 'asyncio.iscoroutinefunction' is deprecated and slated for removal in Python 3.16; use inspect.iscoroutinefunction() instead
    if asyncio.iscoroutinefunction(func):

-- Docs: https://docs.pytest.org/en/stable/how-to/capture-warnings.html
950 passed, 3 skipped, 14 deselected, 5 xfailed, 3 warnings in 11.44s
