............................................................x....xx..... [  7%]
........................................................................ [ 15%]
..............................................................s......... [ 22%]
........................................................................ [ 30%]
........................................................................ [ 38%]
...............................s.....s.................................. [ 45%]
........................................................................ [ 53%]
........................................................................ [ 61%]
........................................................................ [ 68%]
.....................xx................................................. [ 76%]
........................................................................ [ 83%]
........................................................................ [ 91%]
........................................................................ [ 99%]
........                                                                 [100%]
=============================== warnings summary ===============================
.venv/lib/python3.14/site-packages/slowapi/extension.py:720
.venv/lib/python3.14/site-packages/slowapi/extension.py:720
.venv/lib/python3.14/site-packages/slowapi/extension.py:720
  /home/thiago/Documents/projects/ritesmith/.venv/lib/python3.14/site-packages/slowapi/extension.py:720: DeprecationWarning: 'asyncio.iscoroutinefunction' is deprecated and slated for removal in Python 3.16; use inspect.iscoroutinefunction() instead
    if asyncio.iscoroutinefunction(func):

-- Docs: https://docs.pytest.org/en/stable/how-to/capture-warnings.html
936 passed, 3 skipped, 14 deselected, 5 xfailed, 3 warnings in 9.85s
